// Jest Snapshot v1, https://goo.gl/fbAQLP

exports[`LinkComponent component should render LinkComponent correctly to match snapshot 1`] = `
<span>
  <a
    rel="noreferrer"
    target="_blank"
  />
</span>
`;
