// Jest Snapshot v1, https://goo.gl/fbAQLP

exports[`App should render App component correctly 1`] = `
<div
  className="app-test"
/>
`;
